// Jest Snapshot v1, https://goo.gl/fbAQLP

exports[`App snapshot renders the loading screen 1`] = `null`;

exports[`App snapshot renders the root without loading screen 1`] = `
<View
  style={
    Object {
      "flex": 1,
    }
  }
>
  <View
    hasTabs={true}
    style={
      Object {
        "backgroundColor": "#002A3D",
        "paddingTop": 20,
      }
    }
  />
  <View
    style={
      Object {
        "flex": 1,
      }
    }
  >
    <View
      onLayout={[Function]}
      style={
        Object {
          "flex": 1,
        }
      }
    >
      <View
        onMoveShouldSetResponder={[Function]}
        onMoveShouldSetResponderCapture={[Function]}
        onResponderEnd={[Function]}
        onResponderGrant={[Function]}
        onResponderMove={[Function]}
        onResponderReject={[Function]}
        onResponderRelease={[Function]}
        onResponderStart={[Function]}
        onResponderTerminate={[Function]}
        onResponderTerminationRequest={[Function]}
        onStartShouldSetResponder={[Function]}
        onStartShouldSetResponderCapture={[Function]}
        style={
          Array [
            Object {
              "flex": 1,
              "flexDirection": "column-reverse",
              "overflow": "hidden",
            },
            Object {
              "backgroundColor": "#000",
            },
          ]
        }
      >
        <View
          style={
            Object {
              "flex": 1,
            }
          }
        >
          <View
            accessibilityElementsHidden={false}
            pointerEvents="auto"
            style={
              Object {
                "backgroundColor": "#E9E9EF",
                "bottom": 0,
                "left": 0,
                "opacity": 1,
                "paddingTop": 0,
                "position": "absolute",
                "right": 0,
                "shadowColor": "black",
                "shadowOffset": Object {
                  "height": 0,
                  "width": 0,
                },
                "shadowOpacity": 0.2,
                "shadowRadius": 5,
                "top": 0,
                "transform": Array [
                  Object {
                    "translateX": 0,
                  },
                  Object {
                    "translateY": 0,
                  },
                ],
              }
            }
          >
            <View
              accessibilityIgnoresInvertColors={true}
              style={
                Object {
                  "height": "100%",
                  "width": "100%",
                }
              }
            >
              <Image
                source={1}
                style={
                  Array [
                    Object {
                      "bottom": 0,
                      "left": 0,
                      "position": "absolute",
                      "right": 0,
                      "top": 0,
                    },
                    Object {
                      "height": "100%",
                      "width": "100%",
                    },
                    undefined,
                  ]
                }
              />
              <Modal
                animationType="slide"
                hardwareAccelerated={false}
                id="modal1"
                onRequestClose={[Function]}
                transparent={true}
                visible={false}
              >
                <View
                  style={
                    Object {
                      "alignItems": "center",
                      "backgroundColor": "rgba(0,0,0,0.50)",
                      "flex": 1,
                      "justifyContent": "center",
                    }
                  }
                >
                  <View
                    style={
                      Object {
                        "backgroundColor": "#fff",
                        "borderRadius": 10,
                        "flexWrap": "wrap",
                        "padding": 20,
                      }
                    }
                  >
                    <View
                      style={
                        Object {
                          "flexDirection": "row",
                          "width": "70%",
                        }
                      }
                    >
                      <Text
                        style={
                          Object {
                            "flex": 2,
                            "fontFamily": "Lato-Black",
                          }
                        }
                      >
                        Seleccione un idioma
                      </Text>
                      <View
                        accessible={true}
                        isTVSelectable={true}
                        onResponderGrant={[Function]}
                        onResponderMove={[Function]}
                        onResponderRelease={[Function]}
                        onResponderTerminate={[Function]}
                        onResponderTerminationRequest={[Function]}
                        onStartShouldSetResponder={[Function]}
                        style={
                          Object {
                            "alignItems": "flex-end",
                            "flex": 1,
                            "justifyContent": "flex-start",
                            "marginRight": 5,
                            "opacity": 1,
                          }
                        }
                      >
                        <Text
                          style={
                            Object {
                              "color": "#002A3D",
                              "fontFamily": "Lato-Black",
                              "fontSize": 20,
                            }
                          }
                        >
                          X
                        </Text>
                      </View>
                    </View>
                    <View
                      style={
                        Object {
                          "alignItems": "stretch",
                          "justifyContent": "center",
                        }
                      }
                    >
                      <Text />
                    </View>
                  </View>
                </View>
              </Modal>
              <View
                style={
                  Object {
                    "flex": 1,
                  }
                }
              >
                <View
                  style={
                    Object {
                      "alignItems": "flex-end",
                      "flexDirection": "row",
                      "justifyContent": "center",
                    }
                  }
                >
                  <View
                    style={
                      Object {
                        "alignItems": "flex-end",
                        "flex": 4,
                        "justifyContent": "flex-start",
                      }
                    }
                  >
                    <View
                      style={
                        Object {
                          "alignItems": "center",
                          "justifyContent": "center",
                        }
                      }
                    >
                      <Image
                        source={1}
                        style={
                          Object {
                            "height": 64,
                            "width": 125,
                          }
                        }
                      />
                    </View>
                  </View>
                  <View
                    accessible={true}
                    isTVSelectable={true}
                    onResponderGrant={[Function]}
                    onResponderMove={[Function]}
                    onResponderRelease={[Function]}
                    onResponderTerminate={[Function]}
                    onResponderTerminationRequest={[Function]}
                    onStartShouldSetResponder={[Function]}
                    style={
                      Object {
                        "alignItems": "flex-end",
                        "flex": 2,
                        "justifyContent": "center",
                        "opacity": 1,
                      }
                    }
                  >
                    <Image
                      source={1}
                      style={
                        Object {
                          "backgroundColor": "#cecece",
                          "borderColor": "#cecece",
                          "borderRadius": 2,
                          "borderWidth": 0.5,
                          "height": 20,
                          "marginRight": 15,
                          "width": 30,
                        }
                      }
                    />
                  </View>
                </View>
                <View
                  style={
                    Object {
                      "alignItems": "center",
                      "flex": 4,
                      "justifyContent": "center",
                    }
                  }
                >
                  <Text
                    style={
                      Object {
                        "fontFamily": "Lato-Black",
                        "letterSpacing": 2,
                        "marginBottom": -25,
                      }
                    }
                  >
                    SIRENA
                  </Text>
                  <Text
                    style={
                      Object {
                        "color": "#d65d92",
                        "fontFamily": "Lato-Light",
                        "fontSize": 70,
                      }
                    }
                  >
                    Life
                    <Text
                      style={
                        Object {
                          "color": "#ffffff",
                          "fontFamily": "Lato-Light",
                          "fontSize": 70,
                        }
                      }
                    >
                      style
                    </Text>
                  </Text>
                </View>
                <View
                  style={
                    Object {
                      "flex": 2,
                    }
                  }
                >
                  <View
                    accessible={true}
                    isTVSelectable={true}
                    onResponderGrant={[Function]}
                    onResponderMove={[Function]}
                    onResponderRelease={[Function]}
                    onResponderTerminate={[Function]}
                    onResponderTerminationRequest={[Function]}
                    onStartShouldSetResponder={[Function]}
                    style={
                      Object {
                        "alignItems": "center",
                        "backgroundColor": "#002A3D",
                        "height": 60,
                        "marginLeft": "10%",
                        "marginTop": "5%",
                        "opacity": 1,
                        "paddingTop": 20,
                        "width": "80%",
                      }
                    }
                  >
                    <Text
                      style={
                        Object {
                          "color": "#ffffff",
                        }
                      }
                    >
                      Entrar
                    </Text>
                  </View>
                  <View
                    accessible={true}
                    isTVSelectable={true}
                    onResponderGrant={[Function]}
                    onResponderMove={[Function]}
                    onResponderRelease={[Function]}
                    onResponderTerminate={[Function]}
                    onResponderTerminationRequest={[Function]}
                    onStartShouldSetResponder={[Function]}
                    style={
                      Object {
                        "alignItems": "center",
                        "backgroundColor": "#002A3D",
                        "height": 60,
                        "marginLeft": "10%",
                        "marginTop": "5%",
                        "opacity": 1,
                        "paddingTop": 20,
                        "width": "80%",
                      }
                    }
                  >
                    <Text
                      style={
                        Object {
                          "color": "#ffffff",
                        }
                      }
                    >
                      Registrarse
                    </Text>
                  </View>
                </View>
              </View>
            </View>
          </View>
        </View>
        <View
          onLayout={[Function]}
          pointerEvents="box-none"
          style={
            Object {
              "left": 0,
              "position": "absolute",
              "right": 0,
              "top": 0,
            }
          }
        >
          <View
            style={
              Object {
                "backgroundColor": "#FFF",
                "transform": Array [
                  Object {
                    "translateX": -750,
                  },
                ],
              }
            }
          >
            <View
              onLayout={[Function]}
              pointerEvents="box-none"
              style={
                Object {
                  "backgroundColor": "#FFF",
                  "borderBottomColor": "#A7A7AA",
                  "borderBottomWidth": 0.5,
                  "height": 64,
                  "paddingBottom": 0,
                  "paddingLeft": 0,
                  "paddingRight": 0,
                  "paddingTop": 20,
                }
              }
            >
              <View
                style={
                  Object {
                    "flex": 1,
                  }
                }
              />
            </View>
          </View>
        </View>
      </View>
    </View>
  </View>
</View>
`;
